// Jest Snapshot v1, https://goo.gl/fbAQLP

exports[`Input renders 1`] = `
<div>
  <div
    class="group relative"
  >
    <input
      aria-describedby="a_field-description"
      aria-invalid="false"
      class="w-full form-input appearance-none relative block px-3 py-2 border rounded-md focus:outline-none focus:z-10 sm:text-sm disabled:opacity-50 disabled:cursor-not-allowed border-gray-300 placeholder-gray-500 text-gray-900 focus:ring-blue-500 focus:border-blue-500"
      data-testid="input"
      id="a_field"
      name="a_field"
      type="text"
      value=""
    />
  </div>
</div>
`;

exports[`Input renders a trailing icon 1`] = `
<div>
  <div
    class="group relative"
  >
    <input
      aria-describedby="undefined-description"
      aria-invalid="false"
      class="w-full form-input appearance-none relative block px-3 py-2 border rounded-md focus:outline-none focus:z-10 sm:text-sm disabled:opacity-50 disabled:cursor-not-allowed border-gray-300 placeholder-gray-500 text-gray-900 focus:ring-blue-500 focus:border-blue-500 pr-4"
      type="text"
      value=""
    />
    <div
      class="absolute inset-y-0 right-0 z-10 inline-flex items-center justify-center pr-2.5"
    >
      <svg
        aria-hidden="true"
        class="w-4"
        fill="none"
        stroke="currentColor"
        stroke-width="2"
        viewBox="0 0 24 24"
        xmlns="http://www.w3.org/2000/svg"
      >
        <path
          d="M15 12a3 3 0 11-6 0 3 3 0 016 0z"
          stroke-linecap="round"
          stroke-linejoin="round"
        />
        <path
          d="M2.458 12C3.732 7.943 7.523 5 12 5c4.478 0 8.268 2.943 9.542 7-1.274 4.057-5.064 7-9.542 7-4.477 0-8.268-2.943-9.542-7z"
          stroke-linecap="round"
          stroke-linejoin="round"
        />
      </svg>
    </div>
  </div>
</div>
`;
